==========================================================================================
(A) calibration profile, built without touching closed-loop data
==========================================================================================

16 subjects

 subject  cal_level  cal_sd  cal_iqr  cal_volatility  cal_frac_high
       0      52.01   41.33    90.39           13.87           0.49
       1      52.86   37.70    78.94           15.87           0.44
       2      54.45   41.59    90.04           12.40           0.50
       3      47.68   44.46    96.14           10.09           0.44
       4      14.92   29.05     4.90           11.62           0.10
       5      55.96   35.10    66.08           16.45           0.47
       6      47.64   40.91    90.54           14.07           0.41
       7      53.60   36.26    71.73           15.17           0.43
       8      53.09   40.03    85.22           14.14           0.49
       9      49.02   36.00    71.47           17.97           0.41
      10      45.13   36.82    75.70           20.33           0.36
      11      51.60   40.37    87.60           13.45           0.44
      12      55.52   35.52    66.44           18.13           0.47
      13      51.48   36.49    74.45           18.62           0.42
      14      53.34   39.12    84.60           12.29           0.48
      15      45.73   32.92    56.01           23.54           0.29

==========================================================================================
(B) are the calibration measures reliable?
==========================================================================================

Split each subject's calibration trials into halves, recompute,
correlate across subjects. 200 random splits.

measure              split-half r           95% range   full-length
cal_level                  +0.696      [+0.49, +0.86]        +0.821
cal_sd                     +0.753      [+0.51, +0.92]        +0.859
cal_iqr                    +0.894      [+0.73, +0.96]        +0.944
cal_volatility             +0.655      [+0.47, +0.81]        +0.792
cal_frac_high              +0.570      [+0.30, +0.81]        +0.726

==========================================================================================
(C) does the calibration profile transfer to closed loop?
==========================================================================================

calibration measureclosed-loop target          r         p
cal_level         cl_level               +0.076     0.780
cal_level         cl_sd                  -0.102     0.706
cal_level         cl_perf                +0.196     0.466
cal_sd            cl_level               +0.352     0.181
cal_sd            cl_sd                  +0.305     0.251
cal_sd            cl_perf                +0.046     0.866
cal_iqr           cl_level               +0.234     0.383
cal_iqr           cl_sd                  +0.063     0.816
cal_iqr           cl_perf                +0.058     0.832
cal_volatility    cl_level               -0.390     0.135
cal_volatility    cl_sd                  -0.543     0.030 *
cal_volatility    cl_perf                -0.005     0.985
cal_frac_high     cl_level               +0.174     0.520
cal_frac_high     cl_sd                  +0.089     0.743
cal_frac_high     cl_perf                +0.223     0.407

  cal_level -> cl_level is the key row: if a subject's calibration
  arousal level predicts their closed-loop level, the profile carries
  real person-specific information across sessions and conditions.

==========================================================================================
(D) band width from calibration, evaluated out of sample
==========================================================================================

Trajectory refitted leave-one-subject-out; width from calibration only.
No part of any subject's band uses that subject's closed-loop trials.

scheme                          n       r        p     rho   Cohen d     p(d)    mult range
universal (x1.0)              173  +0.258   0.0006  +0.209     -0.83   0.0002     1.00-1.00
width from cal_sd             173  +0.257   0.0006  +0.208     -0.82   0.0003     0.78-1.19
width from cal_iqr            173  +0.251   0.0009  +0.203     -0.79   0.0004     0.50-1.24
width from cal_volatility     173  +0.254   0.0008  +0.205     -0.83   0.0002     0.69-1.61

  Bootstrap over subjects, difference in r against the universal band:
    width from cal_sd          delta r = -0.001  95% CI [-0.010, +0.006]  p = 0.942
    width from cal_iqr         delta r = -0.006  95% CI [-0.027, +0.009]  p = 0.548
    width from cal_volatility  delta r = -0.004  95% CI [-0.027, +0.021]  p = 0.715

==========================================================================================
(E) Holm-corrected screen of calibration measures
==========================================================================================

Moderation of the arousal-performance curve (17 measures):

measure                 beta         p      Holm
cal_sd                +2.390    0.0016    0.0275  *
resp                  +2.162    0.0022    0.0354  *
hrv                   +1.099    0.0174    0.2607
theta_beta            -2.546    0.0280    0.3921
cal_level             -2.236    0.0293    0.3921
cal_volatility        -1.592    0.0381    0.4571
cal_iqr               +1.880    0.0420    0.4622
beta                  +1.050    0.0456    0.4622
hrv_sd                -1.373    0.0485    0.4622
gamma                 +0.674    0.1341    1.0000
hr                    -0.752    0.3361    1.0000
alpha                 +1.264    0.3577    1.0000
cal_frac_high         -0.813    0.3611    1.0000
theta                 +0.535    0.7223    1.0000
eda_t                 +0.203    0.7586    1.0000
pup                   +0.162    0.8356    1.0000
eda_p                 -0.096    0.8840    1.0000

  Leave-one-subject-out robustness for the survivors:
    cal_sd           p ranges 0.0005-0.0374; still p<0.05 in 16/16 leave-one-out fits (worst when dropping subject 6)
    resp             p ranges 0.0014-0.2095; still p<0.05 in 15/16 leave-one-out fits (worst when dropping subject 6)

wrote five CSVs to ./analyses/results
