==============================================================================
Statistics with subject clustering respected
==============================================================================

Table 1 refitted as mixed models (random intercept per subject)
metric                   Pearson r  Spearman  beta [95% CI]               p (mixed)
% time above band           -0.308    -0.248   -0.180 [-0.271,-0.088]     0.0001
% time in band              +0.308    +0.248   +0.180 [+0.088,+0.271]     0.0001
Mean excursion mag.         -0.254    -0.227   -0.209 [-0.367,-0.051]     0.0097
Excursion rate/min          -0.308    -0.248   -0.299 [-0.452,-0.146]     0.0001

ceiling check: 18.6% of trials sit at 100% in-band

dwell time above band, poorly performing trials
  m = 1.0   n =  35  mean = 10.4 +/- 8.5 s  median = 8.0 s  p10 = 2.0 s
  m = 1.75  n =  37  mean = 8.4 +/- 6.6 s  median = 6.0 s  p10 = 2.0 s

------------------------------------------------------------------------------
Individual differences: continuous interaction as primary evidence
------------------------------------------------------------------------------
  arousal^2 x hrv    beta=+1.0991 SE=0.4621 95% CI [+0.1934, +2.0048] p=0.0174
  arousal^2 x gamma  beta=-1.2067 SE=0.5760 95% CI [-2.3357, -0.0777] p=0.0362

  moderation by continuous sensitivity score:
    interaction beta = +0.0179, p = 0.1925
    LRT vs no-interaction: chi2(2) = 1.76, p = 0.4153   (AIC 869.0 -> 871.3)

------------------------------------------------------------------------------
Personalisation gain, formally tested
------------------------------------------------------------------------------
  in-sample multipliers: sensitive x2.0, tolerant x1.75
  r universal    = +0.308
  r personalised = +0.337
  delta r        = +0.030   bootstrap 95% CI [-0.015, +0.076]   p = 0.177

  band x %in-band interaction: beta = +0.0305, p = 0.5205

  pooled within the sensitive half: n = 59 trials, r = +0.228 (p = 0.0827)

  pooled within the tolerant half: n = 54 trials, r = +0.415 (p = 0.0018)

  median-split group x %in-band:
      beta = +0.0574, p = 0.5380
      LRT chi2(2) = 1.35, p = 0.5096   AIC 869.0 -> 871.7
      -> not supported once subject clustering is modelled

  per-subject slopes, fitted one subject at a time:
      sensitive n=8 mean +0.304 (SD 0.323)
      tolerant  n=7 mean +0.273 (SD 0.348)
      two-sample t = +0.18, p = 0.861
