/opt/anaconda3/lib/python3.12/site-packages/statsmodels/base/model.py:607: ConvergenceWarning: Maximum Likelihood optimization failed to converge. Check mle_retvals
  warnings.warn("Maximum Likelihood optimization failed to "
/opt/anaconda3/lib/python3.12/site-packages/statsmodels/regression/mixed_linear_model.py:2200: ConvergenceWarning: Retrying MixedLM optimization with lbfgs
  warnings.warn(
/opt/anaconda3/lib/python3.12/site-packages/statsmodels/base/model.py:607: ConvergenceWarning: Maximum Likelihood optimization failed to converge. Check mle_retvals
  warnings.warn("Maximum Likelihood optimization failed to "
/opt/anaconda3/lib/python3.12/site-packages/statsmodels/regression/mixed_linear_model.py:2200: ConvergenceWarning: Retrying MixedLM optimization with lbfgs
  warnings.warn(
/opt/anaconda3/lib/python3.12/site-packages/statsmodels/base/model.py:607: ConvergenceWarning: Maximum Likelihood optimization failed to converge. Check mle_retvals
  warnings.warn("Maximum Likelihood optimization failed to "
/opt/anaconda3/lib/python3.12/site-packages/statsmodels/regression/mixed_linear_model.py:2200: ConvergenceWarning: Retrying MixedLM optimization with lbfgs
  warnings.warn(
/opt/anaconda3/lib/python3.12/site-packages/statsmodels/base/model.py:607: ConvergenceWarning: Maximum Likelihood optimization failed to converge. Check mle_retvals
  warnings.warn("Maximum Likelihood optimization failed to "
/opt/anaconda3/lib/python3.12/site-packages/statsmodels/regression/mixed_linear_model.py:2200: ConvergenceWarning: Retrying MixedLM optimization with cg
  warnings.warn(
/opt/anaconda3/lib/python3.12/site-packages/statsmodels/base/model.py:607: ConvergenceWarning: Maximum Likelihood optimization failed to converge. Check mle_retvals
  warnings.warn("Maximum Likelihood optimization failed to "
/opt/anaconda3/lib/python3.12/site-packages/statsmodels/regression/mixed_linear_model.py:2206: ConvergenceWarning: MixedLM optimization failed, trying a different optimizer may help.
  warnings.warn(msg, ConvergenceWarning)
/opt/anaconda3/lib/python3.12/site-packages/statsmodels/regression/mixed_linear_model.py:2218: ConvergenceWarning: Gradient optimization failed, |grad| = 8.586094
  warnings.warn(msg, ConvergenceWarning)
==========================================================================
Arousal locked to failure (boundary crash)
==========================================================================
hard-course trials: 173   crashed: 173   reached ceiling: 0
duration: min 9.1s  median 41.1s  max 73.1s

usable crashed trials (>= 20s): 169

--------------------------------------------------------------------------
arousal in the last 10s vs the preceding 20-10s window
--------------------------------------------------------------------------
  baseline   33.1   pre-crash  47.2   rise +14.1
  paired t(168) = 7.23, p = 1.66e-11
  mixed model intercept = +13.87 [+8.31, +19.43], p = 1.00e-06

--------------------------------------------------------------------------
by feedback condition
--------------------------------------------------------------------------
condition        n  baseline  pre-crash    rise
silence         52      29.5       48.9   +19.4
half            58      30.9       44.3   +13.4
bci             59      38.3       48.4   +10.1

  one-way ANOVA on rise: F = 1.89, p = 0.155
  mixed model LRT for condition: chi2(2) = 4.14, p = 0.126

--------------------------------------------------------------------------
mean arousal in each second before the crash
--------------------------------------------------------------------------
s before crash  silence   half    bci
-1                 58.7   50.6   53.6
-3                 54.6   46.3   50.2
-5                 52.2   45.1   49.2
-7                 46.0   44.0   46.7
-9                 39.0   39.1   45.8
-11                32.8   33.7   39.4
-13                31.7   35.1   39.7
-15                30.4   33.3   40.1
