================================================================================
Sensitivity of every downstream result to the smoothing filter
================================================================================

inversion check: largest deviation after a round trip = 9.95e-14 arousal units

asymmetric 0.75 / 1.5 (published)
  mean trial arousal       28.71
  r(% above band, flight) -0.308    r(% in band, flight) +0.308    Cohen d  0.85
  trial quadratic         -2.333 (p = 0.0000)    optimum  51.6

symmetric 1.0
  mean trial arousal       26.93
  r(% above band, flight) -0.310    r(% in band, flight) +0.310    Cohen d  0.84
  trial quadratic         -2.438 (p = 0.0000)    optimum  50.1

symmetric 1.5
  mean trial arousal       26.37
  r(% above band, flight) -0.273    r(% in band, flight) +0.273    Cohen d  0.74
  trial quadratic         -2.503 (p = 0.0000)    optimum  49.9

symmetric 0.75
  mean trial arousal       27.22
  r(% above band, flight) -0.300    r(% in band, flight) +0.300    Cohen d  0.83
  trial quadratic         -2.405 (p = 0.0000)    optimum  50.2

no smoothing
  mean trial arousal       28.07
  r(% above band, flight) -0.314    r(% in band, flight) +0.314    Cohen d  0.86
  trial quadratic         -2.303 (p = 0.0000)    optimum  50.5

--------------------------------------------------------------------------------
Reading. The published filter is one row among several. If the sign,
the significance and the rough size of each quantity hold across the
rows, the smoothing choice is not carrying any conclusion.

wrote ./analyses/results/filter_sensitivity.csv
